Archive member included to satisfy reference by file (symbol)

C:/ST/STM32CubeCLT_1.18.0/GNU-tools-for-STM32/bin/../lib/gcc/arm-none-eabi/13.3.1/../../../../arm-none-eabi/lib/thumb/v7-m/nofp\libc_nano.a(libc_a-exit.o)
                              C:/ST/STM32CubeCLT_1.18.0/GNU-tools-for-STM32/bin/../lib/gcc/arm-none-eabi/13.3.1/../../../../arm-none-eabi/lib/thumb/v7-m/nofp/crt0.o (exit)
C:/ST/STM32CubeCLT_1.18.0/GNU-tools-for-STM32/bin/../lib/gcc/arm-none-eabi/13.3.1/../../../../arm-none-eabi/lib/thumb/v7-m/nofp\libc_nano.a(libc_a-findfp.o)
                              C:/ST/STM32CubeCLT_1.18.0/GNU-tools-for-STM32/bin/../lib/gcc/arm-none-eabi/13.3.1/../../../../arm-none-eabi/lib/thumb/v7-m/nofp\libc_nano.a(libc_a-exit.o) (__stdio_exit_handler)
C:/ST/STM32CubeCLT_1.18.0/GNU-tools-for-STM32/bin/../lib/gcc/arm-none-eabi/13.3.1/../../../../arm-none-eabi/lib/thumb/v7-m/nofp\libc_nano.a(libc_a-fwalk.o)
                              C:/ST/STM32CubeCLT_1.18.0/GNU-tools-for-STM32/bin/../lib/gcc/arm-none-eabi/13.3.1/../../../../arm-none-eabi/lib/thumb/v7-m/nofp\libc_nano.a(libc_a-findfp.o) (_fwalk_sglue)
C:/ST/STM32CubeCLT_1.18.0/GNU-tools-for-STM32/bin/../lib/gcc/arm-none-eabi/13.3.1/../../../../arm-none-eabi/lib/thumb/v7-m/nofp\libc_nano.a(libc_a-stdio.o)
                              C:/ST/STM32CubeCLT_1.18.0/GNU-tools-for-STM32/bin/../lib/gcc/arm-none-eabi/13.3.1/../../../../arm-none-eabi/lib/thumb/v7-m/nofp\libc_nano.a(libc_a-findfp.o) (__sread)
C:/ST/STM32CubeCLT_1.18.0/GNU-tools-for-STM32/bin/../lib/gcc/arm-none-eabi/13.3.1/../../../../arm-none-eabi/lib/thumb/v7-m/nofp\libc_nano.a(libc_a-memset.o)
                              C:/ST/STM32CubeCLT_1.18.0/GNU-tools-for-STM32/bin/../lib/gcc/arm-none-eabi/13.3.1/../../../../arm-none-eabi/lib/thumb/v7-m/nofp/crt0.o (memset)
C:/ST/STM32CubeCLT_1.18.0/GNU-tools-for-STM32/bin/../lib/gcc/arm-none-eabi/13.3.1/../../../../arm-none-eabi/lib/thumb/v7-m/nofp\libc_nano.a(libc_a-closer.o)
                              C:/ST/STM32CubeCLT_1.18.0/GNU-tools-for-STM32/bin/../lib/gcc/arm-none-eabi/13.3.1/../../../../arm-none-eabi/lib/thumb/v7-m/nofp\libc_nano.a(libc_a-stdio.o) (_close_r)
C:/ST/STM32CubeCLT_1.18.0/GNU-tools-for-STM32/bin/../lib/gcc/arm-none-eabi/13.3.1/../../../../arm-none-eabi/lib/thumb/v7-m/nofp\libc_nano.a(libc_a-reent.o)
                              C:/ST/STM32CubeCLT_1.18.0/GNU-tools-for-STM32/bin/../lib/gcc/arm-none-eabi/13.3.1/../../../../arm-none-eabi/lib/thumb/v7-m/nofp\libc_nano.a(libc_a-closer.o) (errno)
C:/ST/STM32CubeCLT_1.18.0/GNU-tools-for-STM32/bin/../lib/gcc/arm-none-eabi/13.3.1/../../../../arm-none-eabi/lib/thumb/v7-m/nofp\libc_nano.a(libc_a-impure.o)
                              C:/ST/STM32CubeCLT_1.18.0/GNU-tools-for-STM32/bin/../lib/gcc/arm-none-eabi/13.3.1/../../../../arm-none-eabi/lib/thumb/v7-m/nofp\libc_nano.a(libc_a-reent.o) (_impure_ptr)
C:/ST/STM32CubeCLT_1.18.0/GNU-tools-for-STM32/bin/../lib/gcc/arm-none-eabi/13.3.1/../../../../arm-none-eabi/lib/thumb/v7-m/nofp\libc_nano.a(libc_a-lseekr.o)
                              C:/ST/STM32CubeCLT_1.18.0/GNU-tools-for-STM32/bin/../lib/gcc/arm-none-eabi/13.3.1/../../../../arm-none-eabi/lib/thumb/v7-m/nofp\libc_nano.a(libc_a-stdio.o) (_lseek_r)
C:/ST/STM32CubeCLT_1.18.0/GNU-tools-for-STM32/bin/../lib/gcc/arm-none-eabi/13.3.1/../../../../arm-none-eabi/lib/thumb/v7-m/nofp\libc_nano.a(libc_a-readr.o)
                              C:/ST/STM32CubeCLT_1.18.0/GNU-tools-for-STM32/bin/../lib/gcc/arm-none-eabi/13.3.1/../../../../arm-none-eabi/lib/thumb/v7-m/nofp\libc_nano.a(libc_a-stdio.o) (_read_r)
C:/ST/STM32CubeCLT_1.18.0/GNU-tools-for-STM32/bin/../lib/gcc/arm-none-eabi/13.3.1/../../../../arm-none-eabi/lib/thumb/v7-m/nofp\libc_nano.a(libc_a-writer.o)
                              C:/ST/STM32CubeCLT_1.18.0/GNU-tools-for-STM32/bin/../lib/gcc/arm-none-eabi/13.3.1/../../../../arm-none-eabi/lib/thumb/v7-m/nofp\libc_nano.a(libc_a-stdio.o) (_write_r)
C:/ST/STM32CubeCLT_1.18.0/GNU-tools-for-STM32/bin/../lib/gcc/arm-none-eabi/13.3.1/../../../../arm-none-eabi/lib/thumb/v7-m/nofp\libc_nano.a(libc_a-init.o)
                              C:/ST/STM32CubeCLT_1.18.0/GNU-tools-for-STM32/bin/../lib/gcc/arm-none-eabi/13.3.1/../../../../arm-none-eabi/lib/thumb/v7-m/nofp/crt0.o (__libc_init_array)
C:/ST/STM32CubeCLT_1.18.0/GNU-tools-for-STM32/bin/../lib/gcc/arm-none-eabi/13.3.1/../../../../arm-none-eabi/lib/thumb/v7-m/nofp\libc_nano.a(libc_a-lock.o)
                              C:/ST/STM32CubeCLT_1.18.0/GNU-tools-for-STM32/bin/../lib/gcc/arm-none-eabi/13.3.1/../../../../arm-none-eabi/lib/thumb/v7-m/nofp\libc_nano.a(libc_a-findfp.o) (__retarget_lock_init_recursive)
C:/ST/STM32CubeCLT_1.18.0/GNU-tools-for-STM32/bin/../lib/gcc/arm-none-eabi/13.3.1/../../../../arm-none-eabi/lib/thumb/v7-m/nofp\libc_nano.a(libc_a-freer.o)
                              C:/ST/STM32CubeCLT_1.18.0/GNU-tools-for-STM32/bin/../lib/gcc/arm-none-eabi/13.3.1/../../../../arm-none-eabi/lib/thumb/v7-m/nofp\libc_nano.a(libc_a-reent.o) (_free_r)
[...]
Memory Configuration

Name             Origin             Length             Attributes
RAM              0x20000000         0x0000c000         xrw
FLASH            0x08000000         0x00040000         xr
*default*        0x00000000         0xffffffff

Linker script and memory map

LOAD C:/ST/STM32CubeCLT_1.18.0/GNU-tools-for-STM32/bin/../lib/gcc/arm-none-eabi/13.3.1/thumb/v7-m/nofp/crti.o
LOAD C:/ST/STM32CubeCLT_1.18.0/GNU-tools-for-STM32/bin/../lib/gcc/arm-none-eabi/13.3.1/thumb/v7-m/nofp/crtbegin.o
LOAD C:/ST/STM32CubeCLT_1.18.0/GNU-tools-for-STM32/bin/../lib/gcc/arm-none-eabi/13.3.1/../../../../arm-none-eabi/lib/thumb/v7-m/nofp/crt0.o
START GROUP
LOAD C:/ST/STM32CubeCLT_1.18.0/GNU-tools-for-STM32/bin/../lib/gcc/arm-none-eabi/13.3.1/../../../../arm-none-eabi/lib/thumb/v7-m/nofp\libc_nano.a
LOAD C:/ST/STM32CubeCLT_1.18.0/GNU-tools-for-STM32/bin/../lib/gcc/arm-none-eabi/13.3.1/../../../../arm-none-eabi/lib/thumb/v7-m/nofp\libm.a
END GROUP
LOAD cmake/stm32cubemx/CMakeFiles/STM32_Drivers.dir/__/__/Core/Src/system_stm32f1xx.c.obj
LOAD cmake/stm32cubemx/CMakeFiles/STM32_Drivers.dir/__/__/Drivers/STM32F1xx_HAL_Driver/Src/stm32f1xx_hal_gpio_ex.c.obj
LOAD cmake/stm32cubemx/CMakeFiles/STM32_Drivers.dir/__/__/Drivers/STM32F1xx_HAL_Driver/Src/stm32f1xx_hal_tim.c.obj
LOAD cmake/stm32cubemx/CMakeFiles/STM32_Drivers.dir/__/__/Drivers/STM32F1xx_HAL_Driver/Src/stm32f1xx_hal_tim_ex.c.obj
LOAD cmake/stm32cubemx/CMakeFiles/STM32_Drivers.dir/__/__/Drivers/STM32F1xx_HAL_Driver/Src/stm32f1xx_hal.c.obj
LOAD cmake/stm32cubemx/CMakeFiles/STM32_Drivers.dir/__/__/Drivers/STM32F1xx_HAL_Driver/Src/stm32f1xx_hal_rcc.c.obj
LOAD cmake/stm32cubemx/CMakeFiles/STM32_Drivers.dir/__/__/Drivers/STM32F1xx_HAL_Driver/Src/stm32f1xx_hal_rcc_ex.c.obj
LOAD cmake/stm32cubemx/CMakeFiles/STM32_Drivers.dir/__/__/Drivers/STM32F1xx_HAL_Driver/Src/stm32f1xx_hal_gpio.c.obj
LOAD cmake/stm32cubemx/CMakeFiles/STM32_Drivers.dir/__/__/Drivers/STM32F1xx_HAL_Driver/Src/stm32f1xx_hal_dma.c.obj
LOAD cmake/stm32cubemx/CMakeFiles/STM32_Drivers.dir/__/__/Drivers/STM32F1xx_HAL_Driver/Src/stm32f1xx_hal_cortex.c.obj
LOAD cmake/stm32cubemx/CMakeFiles/STM32_Drivers.dir/__/__/Drivers/STM32F1xx_HAL_Driver/Src/stm32f1xx_hal_pwr.c.obj
LOAD cmake/stm32cubemx/CMakeFiles/STM32_Drivers.dir/__/__/Drivers/STM32F1xx_HAL_Driver/Src/stm32f1xx_hal_flash.c.obj
LOAD cmake/stm32cubemx/CMakeFiles/STM32_Drivers.dir/__/__/Drivers/STM32F1xx_HAL_Driver/Src/stm32f1xx_hal_flash_ex.c.obj
LOAD cmake/stm32cubemx/CMakeFiles/STM32_Drivers.dir/__/__/Drivers/STM32F1xx_HAL_Driver/Src/stm32f1xx_hal_exti.c.obj
LOAD cmake/stm32cubemx/CMakeFiles/STM32_Drivers.dir/__/__/Drivers/STM32F1xx_HAL_Driver/Src/stm32f1xx_hal_uart.c.obj
LOAD CMakeFiles/DisplayBD.dir/Core/Src/GLCD.c.obj
LOAD CMakeFiles/DisplayBD.dir/Core/Src/main.c.obj
LOAD CMakeFiles/DisplayBD.dir/Core/Src/gpio.c.obj
LOAD CMakeFiles/DisplayBD.dir/Core/Src/tim.c.obj
LOAD CMakeFiles/DisplayBD.dir/Core/Src/usart.c.obj
LOAD CMakeFiles/DisplayBD.dir/Core/Src/stm32f1xx_it.c.obj
LOAD CMakeFiles/DisplayBD.dir/Core/Src/stm32f1xx_hal_msp.c.obj
LOAD CMakeFiles/DisplayBD.dir/Core/Src/sysmem.c.obj
LOAD CMakeFiles/DisplayBD.dir/Core/Src/syscalls.c.obj
LOAD CMakeFiles/DisplayBD.dir/startup_stm32f103xe.s.obj
START GROUP
LOAD C:/ST/STM32CubeCLT_1.18.0/GNU-tools-for-STM32/bin/../lib/gcc/arm-none-eabi/13.3.1/thumb/v7-m/nofp\libgcc.a
LOAD C:/ST/STM32CubeCLT_1.18.0/GNU-tools-for-STM32/bin/../lib/gcc/arm-none-eabi/13.3.1/../../../../arm-none-eabi/lib/thumb/v7-m/nofp\libg_nano.a
LOAD C:/ST/STM32CubeCLT_1.18.0/GNU-tools-for-STM32/bin/../lib/gcc/arm-none-eabi/13.3.1/../../../../arm-none-eabi/lib/thumb/v7-m/nofp\libc_nano.a
END GROUP
START GROUP
LOAD C:/ST/STM32CubeCLT_1.18.0/GNU-tools-for-STM32/bin/../lib/gcc/arm-none-eabi/13.3.1/thumb/v7-m/nofp\libgcc.a
LOAD C:/ST/STM32CubeCLT_1.18.0/GNU-tools-for-STM32/bin/../lib/gcc/arm-none-eabi/13.3.1/../../../../arm-none-eabi/lib/thumb/v7-m/nofp\libc_nano.a
END GROUP
LOAD C:/ST/STM32CubeCLT_1.18.0/GNU-tools-for-STM32/bin/../lib/gcc/arm-none-eabi/13.3.1/thumb/v7-m/nofp/crtend.o
LOAD C:/ST/STM32CubeCLT_1.18.0/GNU-tools-for-STM32/bin/../lib/gcc/arm-none-eabi/13.3.1/thumb/v7-m/nofp/crtn.o
                0x2000c000                        _estack = (ORIGIN (RAM) + LENGTH (RAM))
                0x00000200                        _Min_Heap_Size = 0x200
                0x00000400                        _Min_Stack_Size = 0x400

.isr_vector     0x08000000      0x1e4
                0x08000000                        . = ALIGN (0x4)
 *(.isr_vector)
 .isr_vector    0x08000000      0x1e4 CMakeFiles/DisplayBD.dir/startup_stm32f103xe.s.obj
                0x08000000                g_pfnVectors
                0x080001e4                        . = ALIGN (0x4)

.text           0x080001e4     0x2b80
                0x080001e4                        . = ALIGN (0x4)
 *(.text)
 .text          0x080001e4       0x40 C:/ST/STM32CubeCLT_1.18.0/GNU-tools-for-STM32/bin/../lib/gcc/arm-none-eabi/13.3.1/thumb/v7-m/nofp/crtbegin.o
 *(.text*)
 .text.memset   0x08000224       0x10 C:/ST/STM32CubeCLT_1.18.0/GNU-tools-for-STM32/bin/../lib/gcc/arm-none-eabi/13.3.1/../../../../arm-none-eabi/lib/thumb/v7-m/nofp\libc_nano.a(libc_a-memset.o)
                0x08000224                memset
 .text.__libc_init_array
                0x08000234       0x48 C:/ST/STM32CubeCLT_1.18.0/GNU-tools-for-STM32/bin/../lib/gcc/arm-none-eabi/13.3.1/../../../../arm-none-eabi/lib/thumb/v7-m/nofp\libc_nano.a(libc_a-init.o)
                0x08000234                __libc_init_array
 .text.SystemInit
                0x0800027c        0xc cmake/stm32cubemx/CMakeFiles/STM32_Drivers.dir/__/__/Core/Src/system_stm32f1xx.c.obj
                0x0800027c                SystemInit
 .text.HAL_TIM_Base_Init
                0x08000288       0x9e cmake/stm32cubemx/CMakeFiles/STM32_Drivers.dir/__/__/Drivers/STM32F1xx_HAL_Driver/Src/stm32f1xx_hal_tim.c.obj
                0x08000288                HAL_TIM_Base_Init
 .text.HAL_TIM_IRQHandler
                0x08000326      0x1e0 cmake/stm32cubemx/CMakeFiles/STM32_Drivers.dir/__/__/Drivers/STM32F1xx_HAL_Driver/Src/stm32f1xx_hal_tim.c.obj
                0x08000326                HAL_TIM_IRQHandler
 .text.HAL_TIM_ConfigClockSource
                0x08000506      0x18e cmake/stm32cubemx/CMakeFiles/STM32_Drivers.dir/__/__/Drivers/STM32F1xx_HAL_Driver/Src/stm32f1xx_hal_tim.c.obj
                0x08000506                HAL_TIM_ConfigClockSource
 .text.HAL_TIM_PeriodElapsedCallback
                0x08000694       0x12 cmake/stm32cubemx/CMakeFiles/STM32_Drivers.dir/__/__/Drivers/STM32F1xx_HAL_Driver/Src/stm32f1xx_hal_tim.c.obj
                0x08000694                HAL_TIM_PeriodElapsedCallback
 .text.HAL_TIM_OC_DelayElapsedCallback
                0x080006a6       0x12 cmake/stm32cubemx/CMakeFiles/STM32_Drivers.dir/__/__/Drivers/STM32F1xx_HAL_Driver/Src/stm32f1xx_hal_tim.c.obj
                0x080006a6                HAL_TIM_OC_DelayElapsedCallback
 .text.HAL_TIM_IC_CaptureCallback
                0x080006b8       0x12 cmake/stm32cubemx/CMakeFiles/STM32_Drivers.dir/__/__/Drivers/STM32F1xx_HAL_Driver/Src/stm32f1xx_hal_tim.c.obj
                0x080006b8                HAL_TIM_IC_CaptureCallback
 .text.HAL_TIM_PWM_PulseFinishedCallback
                0x080006ca       0x12 cmake/stm32cubemx/CMakeFiles/STM32_Drivers.dir/__/__/Drivers/STM32F1xx_HAL_Driver/Src/stm32f1xx_hal_tim.c.obj
                0x080006ca                HAL_TIM_PWM_PulseFinishedCallback
 .text.HAL_TIM_TriggerCallback
                0x080006dc       0x12 cmake/stm32cubemx/CMakeFiles/STM32_Drivers.dir/__/__/Drivers/STM32F1xx_HAL_Driver/Src/stm32f1xx_hal_tim.c.obj
                0x080006dc                HAL_TIM_TriggerCallback
 *fill*         0x080006ee        0x2 
 .text.TIM_Base_SetConfig
                0x080006f0      0x10c cmake/stm32cubemx/CMakeFiles/STM32_Drivers.dir/__/__/Drivers/STM32F1xx_HAL_Driver/Src/stm32f1xx_hal_tim.c.obj
                0x080006f0                TIM_Base_SetConfig
 .text.TIM_TI1_ConfigInputStage
                0x080007fc       0x5c cmake/stm32cubemx/CMakeFiles/STM32_Drivers.dir/__/__/Drivers/STM32F1xx_HAL_Driver/Src/stm32f1xx_hal_tim.c.obj
 .text.TIM_TI2_ConfigInputStage
                0x08000858       0x5e cmake/stm32cubemx/CMakeFiles/STM32_Drivers.dir/__/__/Drivers/STM32F1xx_HAL_Driver/Src/stm32f1xx_hal_tim.c.obj
 .text.TIM_ITRx_SetConfig
                0x080008b6       0x34 cmake/stm32cubemx/CMakeFiles/STM32_Drivers.dir/__/__/Drivers/STM32F1xx_HAL_Driver/Src/stm32f1xx_hal_tim.c.obj
 .text.TIM_ETR_SetConfig
                0x080008ea       0x3e cmake/stm32cubemx/CMakeFiles/STM32_Drivers.dir/__/__/Drivers/STM32F1xx_HAL_Driver/Src/stm32f1xx_hal_tim.c.obj
                0x080008ea                TIM_ETR_SetConfig
 .text.HAL_TIMEx_MasterConfigSynchronization
                0x08000928       0xd8 cmake/stm32cubemx/CMakeFiles/STM32_Drivers.dir/__/__/Drivers/STM32F1xx_HAL_Driver/Src/stm32f1xx_hal_tim_ex.c.obj
                0x08000928                HAL_TIMEx_MasterConfigSynchronization
 .text.HAL_TIMEx_CommutCallback
                0x08000a00       0x12 cmake/stm32cubemx/CMakeFiles/STM32_Drivers.dir/__/__/Drivers/STM32F1xx_HAL_Driver/Src/stm32f1xx_hal_tim_ex.c.obj
                0x08000a00                HAL_TIMEx_CommutCallback
 .text.HAL_TIMEx_BreakCallback
                0x08000a12       0x12 cmake/stm32cubemx/CMakeFiles/STM32_Drivers.dir/__/__/Drivers/STM32F1xx_HAL_Driver/Src/stm32f1xx_hal_tim_ex.c.obj
                0x08000a12                HAL_TIMEx_BreakCallback
 .text.HAL_Init
                0x08000a24       0x2c cmake/stm32cubemx/CMakeFiles/STM32_Drivers.dir/__/__/Drivers/STM32F1xx_HAL_Driver/Src/stm32f1xx_hal.c.obj
                0x08000a24                HAL_Init
 .text.HAL_InitTick
                0x08000a50       0x60 cmake/stm32cubemx/CMakeFiles/STM32_Drivers.dir/__/__/Drivers/STM32F1xx_HAL_Driver/Src/stm32f1xx_hal.c.obj
                0x08000a50                HAL_InitTick
 .text.HAL_IncTick
                0x08000ab0       0x24 cmake/stm32cubemx/CMakeFiles/STM32_Drivers.dir/__/__/Drivers/STM32F1xx_HAL_Driver/Src/stm32f1xx_hal.c.obj
                0x08000ab0                HAL_IncTick
 .text.HAL_GetTick
                0x08000ad4       0x14 cmake/stm32cubemx/CMakeFiles/STM32_Drivers.dir/__/__/Drivers/STM32F1xx_HAL_Driver/Src/stm32f1xx_hal.c.obj
                0x08000ad4                HAL_GetTick
 .text.HAL_Delay
                0x08000ae8       0x48 cmake/stm32cubemx/CMakeFiles/STM32_Drivers.dir/__/__/Drivers/STM32F1xx_HAL_Driver/Src/stm32f1xx_hal.c.obj
                0x08000ae8                HAL_Delay
 .text.HAL_RCC_OscConfig
                0x08000b30      0x504 cmake/stm32cubemx/CMakeFiles/STM32_Drivers.dir/__/__/Drivers/STM32F1xx_HAL_Driver/Src/stm32f1xx_hal_rcc.c.obj
                0x08000b30                HAL_RCC_OscConfig
 .text.HAL_RCC_ClockConfig
                0x08001034      0x1d4 cmake/stm32cubemx/CMakeFiles/STM32_Drivers.dir/__/__/Drivers/STM32F1xx_HAL_Driver/Src/stm32f1xx_hal_rcc.c.obj
                0x08001034                HAL_RCC_ClockConfig
 .text.HAL_RCC_GetSysClockFreq
                0x08001208       0xa8 cmake/stm32cubemx/CMakeFiles/STM32_Drivers.dir/__/__/Drivers/STM32F1xx_HAL_Driver/Src/stm32f1xx_hal_rcc.c.obj
                0x08001208                HAL_RCC_GetSysClockFreq
 .text.HAL_RCC_GetHCLKFreq
                0x080012b0       0x14 cmake/stm32cubemx/CMakeFiles/STM32_Drivers.dir/__/__/Drivers/STM32F1xx_HAL_Driver/Src/stm32f1xx_hal_rcc.c.obj
                0x080012b0                HAL_RCC_GetHCLKFreq
 .text.HAL_RCC_GetPCLK1Freq
                0x080012c4       0x28 cmake/stm32cubemx/CMakeFiles/STM32_Drivers.dir/__/__/Drivers/STM32F1xx_HAL_Driver/Src/stm32f1xx_hal_rcc.c.obj
                0x080012c4                HAL_RCC_GetPCLK1Freq
 .text.HAL_RCC_GetPCLK2Freq
                0x080012ec       0x28 cmake/stm32cubemx/CMakeFiles/STM32_Drivers.dir/__/__/Drivers/STM32F1xx_HAL_Driver/Src/stm32f1xx_hal_rcc.c.obj
                0x080012ec                HAL_RCC_GetPCLK2Freq
 .text.RCC_Delay
                0x08001314       0x3c cmake/stm32cubemx/CMakeFiles/STM32_Drivers.dir/__/__/Drivers/STM32F1xx_HAL_Driver/Src/stm32f1xx_hal_rcc.c.obj
 .text.HAL_GPIO_Init
                0x08001350      0x328 cmake/stm32cubemx/CMakeFiles/STM32_Drivers.dir/__/__/Drivers/STM32F1xx_HAL_Driver/Src/stm32f1xx_hal_gpio.c.obj
                0x08001350                HAL_GPIO_Init
 .text.HAL_GPIO_WritePin
                0x08001678       0x30 cmake/stm32cubemx/CMakeFiles/STM32_Drivers.dir/__/__/Drivers/STM32F1xx_HAL_Driver/Src/stm32f1xx_hal_gpio.c.obj
                0x08001678                HAL_GPIO_WritePin
 .text.HAL_GPIO_EXTI_IRQHandler
                0x080016a8       0x30 cmake/stm32cubemx/CMakeFiles/STM32_Drivers.dir/__/__/Drivers/STM32F1xx_HAL_Driver/Src/stm32f1xx_hal_gpio.c.obj
                0x080016a8                HAL_GPIO_EXTI_IRQHandler
 .text.HAL_GPIO_EXTI_Callback
                0x080016d8       0x14 cmake/stm32cubemx/CMakeFiles/STM32_Drivers.dir/__/__/Drivers/STM32F1xx_HAL_Driver/Src/stm32f1xx_hal_gpio.c.obj
                0x080016d8                HAL_GPIO_EXTI_Callback
 .text.HAL_DMA_Abort
                0x080016ec       0x76 cmake/stm32cubemx/CMakeFiles/STM32_Drivers.dir/__/__/Drivers/STM32F1xx_HAL_Driver/Src/stm32f1xx_hal_dma.c.obj
                0x080016ec                HAL_DMA_Abort
 *fill*         0x08001762        0x2 
 .text.HAL_DMA_Abort_IT
                0x08001764      0x210 cmake/stm32cubemx/CMakeFiles/STM32_Drivers.dir/__/__/Drivers/STM32F1xx_HAL_Driver/Src/stm32f1xx_hal_dma.c.obj
                0x08001764                HAL_DMA_Abort_IT
 .text.__NVIC_SetPriorityGrouping
                0x08001974       0x48 cmake/stm32cubemx/CMakeFiles/STM32_Drivers.dir/__/__/Drivers/STM32F1xx_HAL_Driver/Src/stm32f1xx_hal_cortex.c.obj
 .text.__NVIC_GetPriorityGrouping
                0x080019bc       0x1c cmake/stm32cubemx/CMakeFiles/STM32_Drivers.dir/__/__/Drivers/STM32F1xx_HAL_Driver/Src/stm32f1xx_hal_cortex.c.obj
 .text.__NVIC_EnableIRQ
                0x080019d8       0x38 cmake/stm32cubemx/CMakeFiles/STM32_Drivers.dir/__/__/Drivers/STM32F1xx_HAL_Driver/Src/stm32f1xx_hal_cortex.c.obj
 .text.__NVIC_SetPriority
                0x08001a10       0x54 cmake/stm32cubemx/CMakeFiles/STM32_Drivers.dir/__/__/Drivers/STM32F1xx_HAL_Driver/Src/stm32f1xx_hal_cortex.c.obj
 .text.NVIC_EncodePriority
                0x08001a64       0x64 cmake/stm32cubemx/CMakeFiles/STM32_Drivers.dir/__/__/Drivers/STM32F1xx_HAL_Driver/Src/stm32f1xx_hal_cortex.c.obj
 .text.SysTick_Config
                0x08001ac8       0x44 cmake/stm32cubemx/CMakeFiles/STM32_Drivers.dir/__/__/Drivers/STM32F1xx_HAL_Driver/Src/stm32f1xx_hal_cortex.c.obj
 .text.HAL_NVIC_SetPriorityGrouping
                0x08001b0c       0x16 cmake/stm32cubemx/CMakeFiles/STM32_Drivers.dir/__/__/Drivers/STM32F1xx_HAL_Driver/Src/stm32f1xx_hal_cortex.c.obj
                0x08001b0c                HAL_NVIC_SetPriorityGrouping
 .text.HAL_NVIC_SetPriority
                0x08001b22       0x38 cmake/stm32cubemx/CMakeFiles/STM32_Drivers.dir/__/__/Drivers/STM32F1xx_HAL_Driver/Src/stm32f1xx_hal_cortex.c.obj
                0x08001b22                HAL_NVIC_SetPriority
 .text.HAL_NVIC_EnableIRQ
                0x08001b5a       0x1c cmake/stm32cubemx/CMakeFiles/STM32_Drivers.dir/__/__/Drivers/STM32F1xx_HAL_Driver/Src/stm32f1xx_hal_cortex.c.obj
                0x08001b5a                HAL_NVIC_EnableIRQ
 .text.HAL_SYSTICK_Config
                0x08001b76       0x18 cmake/stm32cubemx/CMakeFiles/STM32_Drivers.dir/__/__/Drivers/STM32F1xx_HAL_Driver/Src/stm32f1xx_hal_cortex.c.obj
                0x08001b76                HAL_SYSTICK_Config
 .text.HAL_UART_Init
                0x08001b8e       0xa0 cmake/stm32cubemx/CMakeFiles/STM32_Drivers.dir/__/__/Drivers/STM32F1xx_HAL_Driver/Src/stm32f1xx_hal_uart.c.obj
                0x08001b8e                HAL_UART_Init
 *fill*         0x08001c2e        0x2 
 .text.HAL_UART_IRQHandler
                0x08001c30      0x524 cmake/stm32cubemx/CMakeFiles/STM32_Drivers.dir/__/__/Drivers/STM32F1xx_HAL_Driver/Src/stm32f1xx_hal_uart.c.obj
                0x08001c30                HAL_UART_IRQHandler
 .text.HAL_UART_TxCpltCallback
                0x08002154       0x12 cmake/stm32cubemx/CMakeFiles/STM32_Drivers.dir/__/__/Drivers/STM32F1xx_HAL_Driver/Src/stm32f1xx_hal_uart.c.obj
                0x08002154                HAL_UART_TxCpltCallback
 .text.HAL_UART_RxCpltCallback
                0x08002166       0x12 cmake/stm32cubemx/CMakeFiles/STM32_Drivers.dir/__/__/Drivers/STM32F1xx_HAL_Driver/Src/stm32f1xx_hal_uart.c.obj
                0x08002166                HAL_UART_RxCpltCallback
 .text.HAL_UART_ErrorCallback
                0x08002178       0x12 cmake/stm32cubemx/CMakeFiles/STM32_Drivers.dir/__/__/Drivers/STM32F1xx_HAL_Driver/Src/stm32f1xx_hal_uart.c.obj
                0x08002178                HAL_UART_ErrorCallback
 .text.HAL_UARTEx_RxEventCallback
                0x0800218a       0x16 cmake/stm32cubemx/CMakeFiles/STM32_Drivers.dir/__/__/Drivers/STM32F1xx_HAL_Driver/Src/stm32f1xx_hal_uart.c.obj
                0x0800218a                HAL_UARTEx_RxEventCallback
 .text.UART_EndRxTransfer
                0x080021a0       0xc4 cmake/stm32cubemx/CMakeFiles/STM32_Drivers.dir/__/__/Drivers/STM32F1xx_HAL_Driver/Src/stm32f1xx_hal_uart.c.obj
 .text.UART_DMAAbortOnError
                0x08002264       0x28 cmake/stm32cubemx/CMakeFiles/STM32_Drivers.dir/__/__/Drivers/STM32F1xx_HAL_Driver/Src/stm32f1xx_hal_uart.c.obj
 .text.UART_Transmit_IT
                0x0800228c       0x9e cmake/stm32cubemx/CMakeFiles/STM32_Drivers.dir/__/__/Drivers/STM32F1xx_HAL_Driver/Src/stm32f1xx_hal_uart.c.obj
 .text.UART_EndTransmit_IT
                0x0800232a       0x30 cmake/stm32cubemx/CMakeFiles/STM32_Drivers.dir/__/__/Drivers/STM32F1xx_HAL_Driver/Src/stm32f1xx_hal_uart.c.obj
 .text.UART_Receive_IT
                0x0800235a      0x17c cmake/stm32cubemx/CMakeFiles/STM32_Drivers.dir/__/__/Drivers/STM32F1xx_HAL_Driver/Src/stm32f1xx_hal_uart.c.obj
 *fill*         0x080024d6        0x2 
 .text.UART_SetConfig
                0x080024d8      0x11c cmake/stm32cubemx/CMakeFiles/STM32_Drivers.dir/__/__/Drivers/STM32F1xx_HAL_Driver/Src/stm32f1xx_hal_uart.c.obj
 .text.GLCD_Enable
                0x080025f4       0x30 CMakeFiles/DisplayBD.dir/Core/Src/GLCD.c.obj
                0x080025f4                GLCD_Enable
 .text.GLCD_WriteCommand
                0x08002624       0x60 CMakeFiles/DisplayBD.dir/Core/Src/GLCD.c.obj
                0x08002624                GLCD_WriteCommand
 .text.GLCD_WriteData
                0x08002684       0x78 CMakeFiles/DisplayBD.dir/Core/Src/GLCD.c.obj
                0x08002684                GLCD_WriteData
 .text.GLCD_Init
                0x080026fc       0x5a CMakeFiles/DisplayBD.dir/Core/Src/GLCD.c.obj
                0x080026fc                GLCD_Init
 .text.GLCD_SetCursor
                0x08002756       0x44 CMakeFiles/DisplayBD.dir/Core/Src/GLCD.c.obj
                0x08002756                GLCD_SetCursor
 *fill*         0x0800279a        0x2 
 .text.main     0x0800279c       0xb4 CMakeFiles/DisplayBD.dir/Core/Src/main.c.obj
                0x0800279c                main
 .text.SystemClock_Config
                0x08002850       0x76 CMakeFiles/DisplayBD.dir/Core/Src/main.c.obj
                0x08002850                SystemClock_Config
 .text.MX_NVIC_Init
                0x080028c6       0x18 CMakeFiles/DisplayBD.dir/Core/Src/main.c.obj
 .text.Error_Handler
                0x080028de        0xc CMakeFiles/DisplayBD.dir/Core/Src/main.c.obj
                0x080028de                Error_Handler
 *fill*         0x080028ea        0x2 
 .text.MX_GPIO_Init
                0x080028ec      0x154 CMakeFiles/DisplayBD.dir/Core/Src/gpio.c.obj
                0x080028ec                MX_GPIO_Init
 .text.MX_TIM2_Init
                0x08002a40       0x98 CMakeFiles/DisplayBD.dir/Core/Src/tim.c.obj
                0x08002a40                MX_TIM2_Init
 .text.HAL_TIM_Base_MspInit
                0x08002ad8       0x48 CMakeFiles/DisplayBD.dir/Core/Src/tim.c.obj
                0x08002ad8                HAL_TIM_Base_MspInit
 .text.MX_USART1_UART_Init
                0x08002b20       0x54 CMakeFiles/DisplayBD.dir/Core/Src/usart.c.obj
                0x08002b20                MX_USART1_UART_Init
 .text.HAL_UART_MspInit
                0x08002b74       0x98 CMakeFiles/DisplayBD.dir/Core/Src/usart.c.obj
                0x08002b74                HAL_UART_MspInit
 .text.NMI_Handler
                0x08002c0c        0x8 CMakeFiles/DisplayBD.dir/Core/Src/stm32f1xx_it.c.obj
                0x08002c0c                NMI_Handler
 .text.HardFault_Handler
                0x08002c14        0x8 CMakeFiles/DisplayBD.dir/Core/Src/stm32f1xx_it.c.obj
                0x08002c14                HardFault_Handler
 .text.MemManage_Handler
                0x08002c1c        0x8 CMakeFiles/DisplayBD.dir/Core/Src/stm32f1xx_it.c.obj
                0x08002c1c                MemManage_Handler
 .text.BusFault_Handler
                0x08002c24        0x8 CMakeFiles/DisplayBD.dir/Core/Src/stm32f1xx_it.c.obj
                0x08002c24                BusFault_Handler
 .text.UsageFault_Handler
                0x08002c2c        0x8 CMakeFiles/DisplayBD.dir/Core/Src/stm32f1xx_it.c.obj
                0x08002c2c                UsageFault_Handler
 .text.SVC_Handler
                0x08002c34        0xc CMakeFiles/DisplayBD.dir/Core/Src/stm32f1xx_it.c.obj
                0x08002c34                SVC_Handler
 .text.DebugMon_Handler
                0x08002c40        0xc CMakeFiles/DisplayBD.dir/Core/Src/stm32f1xx_it.c.obj
                0x08002c40                DebugMon_Handler
 .text.PendSV_Handler
                0x08002c4c        0xc CMakeFiles/DisplayBD.dir/Core/Src/stm32f1xx_it.c.obj
                0x08002c4c                PendSV_Handler
 .text.SysTick_Handler
                0x08002c58        0xc CMakeFiles/DisplayBD.dir/Core/Src/stm32f1xx_it.c.obj
                0x08002c58                SysTick_Handler
 .text.EXTI9_5_IRQHandler
                0x08002c64        0xe CMakeFiles/DisplayBD.dir/Core/Src/stm32f1xx_it.c.obj
                0x08002c64                EXTI9_5_IRQHandler
 *fill*         0x08002c72        0x2 
 .text.TIM2_IRQHandler
                0x08002c74       0x14 CMakeFiles/DisplayBD.dir/Core/Src/stm32f1xx_it.c.obj
                0x08002c74                TIM2_IRQHandler
 .text.USART1_IRQHandler
                0x08002c88       0x14 CMakeFiles/DisplayBD.dir/Core/Src/stm32f1xx_it.c.obj
                0x08002c88                USART1_IRQHandler
 .text.HAL_MspInit
                0x08002c9c       0x64 CMakeFiles/DisplayBD.dir/Core/Src/stm32f1xx_hal_msp.c.obj
                0x08002c9c                HAL_MspInit
 .text.Reset_Handler
                0x08002d00       0x48 CMakeFiles/DisplayBD.dir/startup_stm32f103xe.s.obj
                0x08002d00                Reset_Handler
 .text.Default_Handler
                0x08002d48        0x2 CMakeFiles/DisplayBD.dir/startup_stm32f103xe.s.obj
                0x08002d48                RTC_Alarm_IRQHandler
                0x08002d48                EXTI2_IRQHandler
                0x08002d48                TIM8_TRG_COM_IRQHandler
                0x08002d48                TIM8_CC_IRQHandler
                0x08002d48                TIM1_CC_IRQHandler
                0x08002d48                TIM6_IRQHandler
                0x08002d48                PVD_IRQHandler
                0x08002d48                SDIO_IRQHandler
                0x08002d48                EXTI3_IRQHandler
                0x08002d48                EXTI0_IRQHandler
                0x08002d48                I2C2_EV_IRQHandler
                0x08002d48                ADC1_2_IRQHandler
                0x08002d48                SPI1_IRQHandler
                0x08002d48                TAMPER_IRQHandler
                0x08002d48                TIM8_UP_IRQHandler
                0x08002d48                DMA2_Channel2_IRQHandler
                0x08002d48                DMA1_Channel4_IRQHandler
                0x08002d48                USART3_IRQHandler
                0x08002d48                RTC_IRQHandler
                0x08002d48                DMA1_Channel7_IRQHandler
                0x08002d48                CAN1_RX1_IRQHandler
                0x08002d48                UART5_IRQHandler
                0x08002d48                ADC3_IRQHandler
                0x08002d48                TIM4_IRQHandler
                0x08002d48                DMA2_Channel1_IRQHandler
                0x08002d48                I2C1_EV_IRQHandler
                0x08002d48                DMA1_Channel6_IRQHandler
                0x08002d48                UART4_IRQHandler
                0x08002d48                TIM3_IRQHandler
                0x08002d48                RCC_IRQHandler
                0x08002d48                TIM1_TRG_COM_IRQHandler
                0x08002d48                DMA1_Channel1_IRQHandler
                0x08002d48                Default_Handler
                0x08002d48                EXTI15_10_IRQHandler
                0x08002d48                TIM7_IRQHandler
                0x08002d48                TIM5_IRQHandler
                0x08002d48                SPI2_IRQHandler
                0x08002d48                DMA1_Channel5_IRQHandler
                0x08002d48                EXTI4_IRQHandler
                0x08002d48                USB_LP_CAN1_RX0_IRQHandler
                0x08002d48                USB_HP_CAN1_TX_IRQHandler
                0x08002d48                DMA1_Channel3_IRQHandler
                0x08002d48                FSMC_IRQHandler
                0x08002d48                TIM1_UP_IRQHandler
                0x08002d48                WWDG_IRQHandler
                0x08002d48                TIM1_BRK_IRQHandler
                0x08002d48                EXTI1_IRQHandler
                0x08002d48                DMA2_Channel4_5_IRQHandler
                0x08002d48                USART2_IRQHandler
                0x08002d48                I2C2_ER_IRQHandler
                0x08002d48                DMA1_Channel2_IRQHandler
                0x08002d48                TIM8_BRK_IRQHandler
                0x08002d48                CAN1_SCE_IRQHandler
                0x08002d48                FLASH_IRQHandler
                0x08002d48                SPI3_IRQHandler
                0x08002d48                I2C1_ER_IRQHandler
                0x08002d48                USBWakeUp_IRQHandler
                0x08002d48                DMA2_Channel3_IRQHandler
 *(.glue_7)
 .glue_7        0x08002d4a        0x0 linker stubs
 *(.glue_7t)
 .glue_7t       0x08002d4a        0x0 linker stubs
 *(.eh_frame)
 *fill*         0x08002d4a        0x2 
 .eh_frame      0x08002d4c        0x0 C:/ST/STM32CubeCLT_1.18.0/GNU-tools-for-STM32/bin/../lib/gcc/arm-none-eabi/13.3.1/thumb/v7-m/nofp/crtbegin.o
 *(.init)
 .init          0x08002d4c        0x4 C:/ST/STM32CubeCLT_1.18.0/GNU-tools-for-STM32/bin/../lib/gcc/arm-none-eabi/13.3.1/thumb/v7-m/nofp/crti.o
                0x08002d4c                _init
 .init          0x08002d50        0x8 C:/ST/STM32CubeCLT_1.18.0/GNU-tools-for-STM32/bin/../lib/gcc/arm-none-eabi/13.3.1/thumb/v7-m/nofp/crtn.o
 *(.fini)
 .fini          0x08002d58        0x4 C:/ST/STM32CubeCLT_1.18.0/GNU-tools-for-STM32/bin/../lib/gcc/arm-none-eabi/13.3.1/thumb/v7-m/nofp/crti.o
                0x08002d58                _fini
 .fini          0x08002d5c        0x8 C:/ST/STM32CubeCLT_1.18.0/GNU-tools-for-STM32/bin/../lib/gcc/arm-none-eabi/13.3.1/thumb/v7-m/nofp/crtn.o
                0x08002d64                        . = ALIGN (0x4)
                0x08002d64                        _etext = .

.vfp11_veneer   0x08002d64        0x0
 .vfp11_veneer  0x08002d64        0x0 linker stubs

.v4_bx          0x08002d64        0x0
 .v4_bx         0x08002d64        0x0 linker stubs

.iplt           0x08002d64        0x0
 .iplt          0x08002d64        0x0 C:/ST/STM32CubeCLT_1.18.0/GNU-tools-for-STM32/bin/../lib/gcc/arm-none-eabi/13.3.1/thumb/v7-m/nofp/crtbegin.o

.rodata         0x08002d64       0x2c
                0x08002d64                        . = ALIGN (0x4)
 *(.rodata)
 *(.rodata*)
 .rodata.AHBPrescTable
                0x08002d64       0x10 cmake/stm32cubemx/CMakeFiles/STM32_Drivers.dir/__/__/Core/Src/system_stm32f1xx.c.obj
                0x08002d64                AHBPrescTable
 .rodata.APBPrescTable
                0x08002d74        0x8 cmake/stm32cubemx/CMakeFiles/STM32_Drivers.dir/__/__/Core/Src/system_stm32f1xx.c.obj
                0x08002d74                APBPrescTable
 .rodata.aPLLMULFactorTable.1
                0x08002d7c       0x10 cmake/stm32cubemx/CMakeFiles/STM32_Drivers.dir/__/__/Drivers/STM32F1xx_HAL_Driver/Src/stm32f1xx_hal_rcc.c.obj
 .rodata.aPredivFactorTable.0
                0x08002d8c        0x2 cmake/stm32cubemx/CMakeFiles/STM32_Drivers.dir/__/__/Drivers/STM32F1xx_HAL_Driver/Src/stm32f1xx_hal_rcc.c.obj
                0x08002d90                        . = ALIGN (0x4)
 *fill*         0x08002d8e        0x2 

.ARM.extab      0x08002d90        0x0
                0x08002d90                        . = ALIGN (0x4)
 *(.ARM.extab* .gnu.linkonce.armextab.*)
                0x08002d90                        . = ALIGN (0x4)

.ARM            0x08002d90        0x0
                0x08002d90                        . = ALIGN (0x4)
                0x08002d90                        __exidx_start = .
 *(.ARM.exidx*)
                0x08002d90                        __exidx_end = .
                0x08002d90                        . = ALIGN (0x4)

.preinit_array  0x08002d90        0x0
                0x08002d90                        . = ALIGN (0x4)
                0x08002d90                        PROVIDE (__preinit_array_start = .)
 *(.preinit_array*)
                0x08002d90                        PROVIDE (__preinit_array_end = .)
                0x08002d90                        . = ALIGN (0x4)

.init_array     0x08002d90        0x4
                0x08002d90                        . = ALIGN (0x4)
                0x08002d90                        PROVIDE (__init_array_start = .)
 *(SORT_BY_NAME(.init_array.*))
 *(.init_array*)
 .init_array    0x08002d90        0x4 C:/ST/STM32CubeCLT_1.18.0/GNU-tools-for-STM32/bin/../lib/gcc/arm-none-eabi/13.3.1/thumb/v7-m/nofp/crtbegin.o
                0x08002d94                        PROVIDE (__init_array_end = .)
                0x08002d94                        . = ALIGN (0x4)

.fini_array     0x08002d94        0x4
                0x08002d94                        . = ALIGN (0x4)
                [!provide]                        PROVIDE (__fini_array_start = .)
 *(SORT_BY_NAME(.fini_array.*))
 *(.fini_array*)
 .fini_array    0x08002d94        0x4 C:/ST/STM32CubeCLT_1.18.0/GNU-tools-for-STM32/bin/../lib/gcc/arm-none-eabi/13.3.1/thumb/v7-m/nofp/crtbegin.o
                [!provide]                        PROVIDE (__fini_array_end = .)
                0x08002d98                        . = ALIGN (0x4)
                0x08002d98                        _sidata = LOADADDR (.data)

.rel.dyn        0x08002d98        0x0
 .rel.iplt      0x08002d98        0x0 C:/ST/STM32CubeCLT_1.18.0/GNU-tools-for-STM32/bin/../lib/gcc/arm-none-eabi/13.3.1/thumb/v7-m/nofp/crtbegin.o

.data           0x20000000        0xc load address 0x08002d98
                0x20000000                        . = ALIGN (0x4)
                0x20000000                        _sdata = .
 *(.data)
 *(.data*)
 .data.SystemCoreClock
                0x20000000        0x4 cmake/stm32cubemx/CMakeFiles/STM32_Drivers.dir/__/__/Core/Src/system_stm32f1xx.c.obj
                0x20000000                SystemCoreClock
 .data.uwTickPrio
                0x20000004        0x4 cmake/stm32cubemx/CMakeFiles/STM32_Drivers.dir/__/__/Drivers/STM32F1xx_HAL_Driver/Src/stm32f1xx_hal.c.obj
                0x20000004                uwTickPrio
 .data.uwTickFreq
                0x20000008        0x1 cmake/stm32cubemx/CMakeFiles/STM32_Drivers.dir/__/__/Drivers/STM32F1xx_HAL_Driver/Src/stm32f1xx_hal.c.obj
                0x20000008                uwTickFreq
 *(.RamFunc)
 *(.RamFunc*)
                0x2000000c                        . = ALIGN (0x4)
 *fill*         0x20000009        0x3 
                0x2000000c                        _edata = .

.igot.plt       0x2000000c        0x0 load address 0x08002da4
 .igot.plt      0x2000000c        0x0 C:/ST/STM32CubeCLT_1.18.0/GNU-tools-for-STM32/bin/../lib/gcc/arm-none-eabi/13.3.1/thumb/v7-m/nofp/crtbegin.o
                0x2000000c                        . = ALIGN (0x4)

.bss            0x2000000c       0xb0 load address 0x08002da4
                0x2000000c                        _sbss = .
                0x2000000c                        __bss_start__ = _sbss
 *(.bss)
 .bss           0x2000000c       0x1c C:/ST/STM32CubeCLT_1.18.0/GNU-tools-for-STM32/bin/../lib/gcc/arm-none-eabi/13.3.1/thumb/v7-m/nofp/crtbegin.o
 *(.bss*)
 .bss.uwTick    0x20000028        0x4 cmake/stm32cubemx/CMakeFiles/STM32_Drivers.dir/__/__/Drivers/STM32F1xx_HAL_Driver/Src/stm32f1xx_hal.c.obj
                0x20000028                uwTick
 .bss.htim2     0x2000002c       0x48 CMakeFiles/DisplayBD.dir/Core/Src/tim.c.obj
                0x2000002c                htim2
 .bss.huart1    0x20000074       0x48 CMakeFiles/DisplayBD.dir/Core/Src/usart.c.obj
                0x20000074                huart1
 *(COMMON)
                0x200000bc                        . = ALIGN (0x4)
                0x200000bc                        _ebss = .
                0x200000bc                        __bss_end__ = _ebss

._user_heap_stack
                0x200000bc      0x604 load address 0x08002da4
                0x200000c0                        . = ALIGN (0x8)
 *fill*         0x200000bc        0x4 
                [!provide]                        PROVIDE (end = .)
                0x200000c0                        PROVIDE (_end = .)
                0x200002c0                        . = (. + _Min_Heap_Size)
 *fill*         0x200000c0      0x200 
                0x200006c0                        . = (. + _Min_Stack_Size)
 *fill*         0x200002c0      0x400 
                0x200006c0                        . = ALIGN (0x8)

/DISCARD/
 libc.a(*)
 libm.a(*)
 libgcc.a(*)
OUTPUT(DisplayBD.elf elf32-littlearm)
LOAD linker stubs
LOAD C:/ST/STM32CubeCLT_1.18.0/GNU-tools-for-STM32/bin/../lib/gcc/arm-none-eabi/13.3.1/../../../../arm-none-eabi/lib/thumb/v7-m/nofp\libc.a
LOAD C:/ST/STM32CubeCLT_1.18.0/GNU-tools-for-STM32/bin/../lib/gcc/arm-none-eabi/13.3.1/../../../../arm-none-eabi/lib/thumb/v7-m/nofp\libm.a
LOAD C:/ST/STM32CubeCLT_1.18.0/GNU-tools-for-STM32/bin/../lib/gcc/arm-none-eabi/13.3.1/thumb/v7-m/nofp\libgcc.a

.ARM.attributes
                0x00000000       0x29
 .ARM.attributes
                0x00000000       0x1d C:/ST/STM32CubeCLT_1.18.0/GNU-tools-for-STM32/bin/../lib/gcc/arm-none-eabi/13.3.1/thumb/v7-m/nofp/crti.o
 .ARM.attributes
                0x0000001d       0x2d C:/ST/STM32CubeCLT_1.18.0/GNU-tools-for-STM32/bin/../lib/gcc/arm-none-eabi/13.3.1/thumb/v7-m/nofp/crtbegin.o
 .ARM.attributes
                0x0000004a       0x2d C:/ST/STM32CubeCLT_1.18.0/GNU-tools-for-STM32/bin/../lib/gcc/arm-none-eabi/13.3.1/../../../../arm-none-eabi/lib/thumb/v7-m/nofp\libc_nano.a(libc_a-memset.o)
 .ARM.attributes
                0x00000077       0x2d C:/ST/STM32CubeCLT_1.18.0/GNU-tools-for-STM32/bin/../lib/gcc/arm-none-eabi/13.3.1/../../../../arm-none-eabi/lib/thumb/v7-m/nofp\libc_nano.a(libc_a-init.o)
 .ARM.attributes
                0x000000a4       0x2d cmake/stm32cubemx/CMakeFiles/STM32_Drivers.dir/__/__/Core/Src/system_stm32f1xx.c.obj
 .ARM.attributes
                0x000000d1       0x2d cmake/stm32cubemx/CMakeFiles/STM32_Drivers.dir/__/__/Drivers/STM32F1xx_HAL_Driver/Src/stm32f1xx_hal_tim.c.obj
 .ARM.attributes
                0x000000fe       0x2d cmake/stm32cubemx/CMakeFiles/STM32_Drivers.dir/__/__/Drivers/STM32F1xx_HAL_Driver/Src/stm32f1xx_hal_tim_ex.c.obj
 .ARM.attributes
                0x0000012b       0x2d cmake/stm32cubemx/CMakeFiles/STM32_Drivers.dir/__/__/Drivers/STM32F1xx_HAL_Driver/Src/stm32f1xx_hal.c.obj
 .ARM.attributes
                0x00000158       0x2d cmake/stm32cubemx/CMakeFiles/STM32_Drivers.dir/__/__/Drivers/STM32F1xx_HAL_Driver/Src/stm32f1xx_hal_rcc.c.obj
 .ARM.attributes
                0x00000185       0x2d cmake/stm32cubemx/CMakeFiles/STM32_Drivers.dir/__/__/Drivers/STM32F1xx_HAL_Driver/Src/stm32f1xx_hal_gpio.c.obj
 .ARM.attributes
                0x000001b2       0x2d cmake/stm32cubemx/CMakeFiles/STM32_Drivers.dir/__/__/Drivers/STM32F1xx_HAL_Driver/Src/stm32f1xx_hal_dma.c.obj
 .ARM.attributes
                0x000001df       0x2d cmake/stm32cubemx/CMakeFiles/STM32_Drivers.dir/__/__/Drivers/STM32F1xx_HAL_Driver/Src/stm32f1xx_hal_cortex.c.obj
 .ARM.attributes
                0x0000020c       0x2d cmake/stm32cubemx/CMakeFiles/STM32_Drivers.dir/__/__/Drivers/STM32F1xx_HAL_Driver/Src/stm32f1xx_hal_uart.c.obj
 .ARM.attributes
                0x00000239       0x2d CMakeFiles/DisplayBD.dir/Core/Src/GLCD.c.obj
 .ARM.attributes
                0x00000266       0x2d CMakeFiles/DisplayBD.dir/Core/Src/main.c.obj
 .ARM.attributes
                0x00000293       0x2d CMakeFiles/DisplayBD.dir/Core/Src/gpio.c.obj
 .ARM.attributes
                0x000002c0       0x2d CMakeFiles/DisplayBD.dir/Core/Src/tim.c.obj
 .ARM.attributes
                0x000002ed       0x2d CMakeFiles/DisplayBD.dir/Core/Src/usart.c.obj
 .ARM.attributes
                0x0000031a       0x2d CMakeFiles/DisplayBD.dir/Core/Src/stm32f1xx_it.c.obj
 .ARM.attributes
                0x00000347       0x2d CMakeFiles/DisplayBD.dir/Core/Src/stm32f1xx_hal_msp.c.obj
 .ARM.attributes
                0x00000374       0x21 CMakeFiles/DisplayBD.dir/startup_stm32f103xe.s.obj
 .ARM.attributes
                0x00000395       0x1d C:/ST/STM32CubeCLT_1.18.0/GNU-tools-for-STM32/bin/../lib/gcc/arm-none-eabi/13.3.1/thumb/v7-m/nofp/crtn.o

.comment        0x00000000       0x43
 .comment       0x00000000       0x43 cmake/stm32cubemx/CMakeFiles/STM32_Drivers.dir/__/__/Core/Src/system_stm32f1xx.c.obj
                                 0x44 (size before relaxing)
 .comment       0x00000043       0x44 cmake/stm32cubemx/CMakeFiles/STM32_Drivers.dir/__/__/Drivers/STM32F1xx_HAL_Driver/Src/stm32f1xx_hal_tim.c.obj
 .comment       0x00000043       0x44 cmake/stm32cubemx/CMakeFiles/STM32_Drivers.dir/__/__/Drivers/STM32F1xx_HAL_Driver/Src/stm32f1xx_hal_tim_ex.c.obj
 .comment       0x00000043       0x44 cmake/stm32cubemx/CMakeFiles/STM32_Drivers.dir/__/__/Drivers/STM32F1xx_HAL_Driver/Src/stm32f1xx_hal.c.obj
 .comment       0x00000043       0x44 cmake/stm32cubemx/CMakeFiles/STM32_Drivers.dir/__/__/Drivers/STM32F1xx_HAL_Driver/Src/stm32f1xx_hal_rcc.c.obj
 .comment       0x00000043       0x44 cmake/stm32cubemx/CMakeFiles/STM32_Drivers.dir/__/__/Drivers/STM32F1xx_HAL_Driver/Src/stm32f1xx_hal_gpio.c.obj
 .comment       0x00000043       0x44 cmake/stm32cubemx/CMakeFiles/STM32_Drivers.dir/__/__/Drivers/STM32F1xx_HAL_Driver/Src/stm32f1xx_hal_dma.c.obj
 .comment       0x00000043       0x44 cmake/stm32cubemx/CMakeFiles/STM32_Drivers.dir/__/__/Drivers/STM32F1xx_HAL_Driver/Src/stm32f1xx_hal_cortex.c.obj
 .comment       0x00000043       0x44 cmake/stm32cubemx/CMakeFiles/STM32_Drivers.dir/__/__/Drivers/STM32F1xx_HAL_Driver/Src/stm32f1xx_hal_uart.c.obj
 .comment       0x00000043       0x44 CMakeFiles/DisplayBD.dir/Core/Src/GLCD.c.obj
 .comment       0x00000043       0x44 CMakeFiles/DisplayBD.dir/Core/Src/main.c.obj
 .comment       0x00000043       0x44 CMakeFiles/DisplayBD.dir/Core/Src/gpio.c.obj
 .comment       0x00000043       0x44 CMakeFiles/DisplayBD.dir/Core/Src/tim.c.obj
 .comment       0x00000043       0x44 CMakeFiles/DisplayBD.dir/Core/Src/usart.c.obj
 .comment       0x00000043       0x44 CMakeFiles/DisplayBD.dir/Core/Src/stm32f1xx_it.c.obj
 .comment       0x00000043       0x44 CMakeFiles/DisplayBD.dir/Core/Src/stm32f1xx_hal_msp.c.obj

.debug_frame    0x00000000     0x32b0
 .debug_frame   0x00000000       0x20 C:/ST/STM32CubeCLT_1.18.0/GNU-tools-for-STM32/bin/../lib/gcc/arm-none-eabi/13.3.1/../../../../arm-none-eabi/lib/thumb/v7-m/nofp\libc_nano.a(libc_a-memset.o)
 .debug_frame   0x00000020       0x2c C:/ST/STM32CubeCLT_1.18.0/GNU-tools-for-STM32/bin/../lib/gcc/arm-none-eabi/13.3.1/../../../../arm-none-eabi/lib/thumb/v7-m/nofp\libc_nano.a(libc_a-init.o)
 .debug_frame   0x0000004c       0x58 cmake/stm32cubemx/CMakeFiles/STM32_Drivers.dir/__/__/Core/Src/system_stm32f1xx.c.obj
 .debug_frame   0x000000a4     0x11b8 cmake/stm32cubemx/CMakeFiles/STM32_Drivers.dir/__/__/Drivers/STM32F1xx_HAL_Driver/Src/stm32f1xx_hal_tim.c.obj
 .debug_frame   0x0000125c      0x638 cmake/stm32cubemx/CMakeFiles/STM32_Drivers.dir/__/__/Drivers/STM32F1xx_HAL_Driver/Src/stm32f1xx_hal_tim_ex.c.obj
 .debug_frame   0x00001894      0x334 cmake/stm32cubemx/CMakeFiles/STM32_Drivers.dir/__/__/Drivers/STM32F1xx_HAL_Driver/Src/stm32f1xx_hal.c.obj
 .debug_frame   0x00001bc8      0x218 cmake/stm32cubemx/CMakeFiles/STM32_Drivers.dir/__/__/Drivers/STM32F1xx_HAL_Driver/Src/stm32f1xx_hal_rcc.c.obj
 .debug_frame   0x00001de0      0x14c cmake/stm32cubemx/CMakeFiles/STM32_Drivers.dir/__/__/Drivers/STM32F1xx_HAL_Driver/Src/stm32f1xx_hal_gpio.c.obj
 .debug_frame   0x00001f2c      0x20c cmake/stm32cubemx/CMakeFiles/STM32_Drivers.dir/__/__/Drivers/STM32F1xx_HAL_Driver/Src/stm32f1xx_hal_dma.c.obj
 .debug_frame   0x00002138      0x428 cmake/stm32cubemx/CMakeFiles/STM32_Drivers.dir/__/__/Drivers/STM32F1xx_HAL_Driver/Src/stm32f1xx_hal_cortex.c.obj
 .debug_frame   0x00002560      0x944 cmake/stm32cubemx/CMakeFiles/STM32_Drivers.dir/__/__/Drivers/STM32F1xx_HAL_Driver/Src/stm32f1xx_hal_uart.c.obj
 .debug_frame   0x00002ea4       0xd0 CMakeFiles/DisplayBD.dir/Core/Src/GLCD.c.obj
 .debug_frame   0x00002f74       0x88 CMakeFiles/DisplayBD.dir/Core/Src/main.c.obj
 .debug_frame   0x00002ffc       0x34 CMakeFiles/DisplayBD.dir/Core/Src/gpio.c.obj
 .debug_frame   0x00003030       0x7c CMakeFiles/DisplayBD.dir/Core/Src/tim.c.obj
 .debug_frame   0x000030ac       0x74 CMakeFiles/DisplayBD.dir/Core/Src/usart.c.obj
 .debug_frame   0x00003120      0x158 CMakeFiles/DisplayBD.dir/Core/Src/stm32f1xx_it.c.obj
 .debug_frame   0x00003278       0x38 CMakeFiles/DisplayBD.dir/Core/Src/stm32f1xx_hal_msp.c.obj

.debug_info     0x00000000     0xc19c
 .debug_info    0x00000000      0x222 cmake/stm32cubemx/CMakeFiles/STM32_Drivers.dir/__/__/Core/Src/system_stm32f1xx.c.obj
 .debug_info    0x00000222     0x2959 cmake/stm32cubemx/CMakeFiles/STM32_Drivers.dir/__/__/Drivers/STM32F1xx_HAL_Driver/Src/stm32f1xx_hal_tim.c.obj
 .debug_info    0x00002b7b     0x149b cmake/stm32cubemx/CMakeFiles/STM32_Drivers.dir/__/__/Drivers/STM32F1xx_HAL_Driver/Src/stm32f1xx_hal_tim_ex.c.obj
 .debug_info    0x00004016      0x76a cmake/stm32cubemx/CMakeFiles/STM32_Drivers.dir/__/__/Drivers/STM32F1xx_HAL_Driver/Src/stm32f1xx_hal.c.obj
 .debug_info    0x00004780      0x7d5 cmake/stm32cubemx/CMakeFiles/STM32_Drivers.dir/__/__/Drivers/STM32F1xx_HAL_Driver/Src/stm32f1xx_hal_rcc.c.obj
 .debug_info    0x00004f55      0x5ab cmake/stm32cubemx/CMakeFiles/STM32_Drivers.dir/__/__/Drivers/STM32F1xx_HAL_Driver/Src/stm32f1xx_hal_gpio.c.obj
 .debug_info    0x00005500      0x6d2 cmake/stm32cubemx/CMakeFiles/STM32_Drivers.dir/__/__/Drivers/STM32F1xx_HAL_Driver/Src/stm32f1xx_hal_dma.c.obj
 .debug_info    0x00005bd2      0xaed cmake/stm32cubemx/CMakeFiles/STM32_Drivers.dir/__/__/Drivers/STM32F1xx_HAL_Driver/Src/stm32f1xx_hal_cortex.c.obj
 .debug_info    0x000066bf     0x2eed cmake/stm32cubemx/CMakeFiles/STM32_Drivers.dir/__/__/Drivers/STM32F1xx_HAL_Driver/Src/stm32f1xx_hal_uart.c.obj
 .debug_info    0x000095ac      0x25d CMakeFiles/DisplayBD.dir/Core/Src/GLCD.c.obj
 .debug_info    0x00009809      0x5e5 CMakeFiles/DisplayBD.dir/Core/Src/main.c.obj
 .debug_info    0x00009dee      0x498 CMakeFiles/DisplayBD.dir/Core/Src/gpio.c.obj
 .debug_info    0x0000a286      0xa21 CMakeFiles/DisplayBD.dir/Core/Src/tim.c.obj
 .debug_info    0x0000aca7      0x966 CMakeFiles/DisplayBD.dir/Core/Src/usart.c.obj
 .debug_info    0x0000b60d      0x96e CMakeFiles/DisplayBD.dir/Core/Src/stm32f1xx_it.c.obj
 .debug_info    0x0000bf7b      0x1f1 CMakeFiles/DisplayBD.dir/Core/Src/stm32f1xx_hal_msp.c.obj
 .debug_info    0x0000c16c       0x30 CMakeFiles/DisplayBD.dir/startup_stm32f103xe.s.obj

.debug_abbrev   0x00000000     0x202a
 .debug_abbrev  0x00000000      0x13f cmake/stm32cubemx/CMakeFiles/STM32_Drivers.dir/__/__/Core/Src/system_stm32f1xx.c.obj
 .debug_abbrev  0x0000013f      0x277 cmake/stm32cubemx/CMakeFiles/STM32_Drivers.dir/__/__/Drivers/STM32F1xx_HAL_Driver/Src/stm32f1xx_hal_tim.c.obj
 .debug_abbrev  0x000003b6      0x282 cmake/stm32cubemx/CMakeFiles/STM32_Drivers.dir/__/__/Drivers/STM32F1xx_HAL_Driver/Src/stm32f1xx_hal_tim_ex.c.obj
 .debug_abbrev  0x00000638      0x201 cmake/stm32cubemx/CMakeFiles/STM32_Drivers.dir/__/__/Drivers/STM32F1xx_HAL_Driver/Src/stm32f1xx_hal.c.obj
 .debug_abbrev  0x00000839      0x2b3 cmake/stm32cubemx/CMakeFiles/STM32_Drivers.dir/__/__/Drivers/STM32F1xx_HAL_Driver/Src/stm32f1xx_hal_rcc.c.obj
 .debug_abbrev  0x00000aec      0x1ca cmake/stm32cubemx/CMakeFiles/STM32_Drivers.dir/__/__/Drivers/STM32F1xx_HAL_Driver/Src/stm32f1xx_hal_gpio.c.obj
 .debug_abbrev  0x00000cb6      0x20b cmake/stm32cubemx/CMakeFiles/STM32_Drivers.dir/__/__/Drivers/STM32F1xx_HAL_Driver/Src/stm32f1xx_hal_dma.c.obj
 .debug_abbrev  0x00000ec1      0x2f8 cmake/stm32cubemx/CMakeFiles/STM32_Drivers.dir/__/__/Drivers/STM32F1xx_HAL_Driver/Src/stm32f1xx_hal_cortex.c.obj
 .debug_abbrev  0x000011b9      0x2f8 cmake/stm32cubemx/CMakeFiles/STM32_Drivers.dir/__/__/Drivers/STM32F1xx_HAL_Driver/Src/stm32f1xx_hal_uart.c.obj
 .debug_abbrev  0x000014b1      0x149 CMakeFiles/DisplayBD.dir/Core/Src/GLCD.c.obj
 .debug_abbrev  0x000015fa      0x20f CMakeFiles/DisplayBD.dir/Core/Src/main.c.obj
 .debug_abbrev  0x00001809      0x161 CMakeFiles/DisplayBD.dir/Core/Src/gpio.c.obj
 .debug_abbrev  0x0000196a      0x20e CMakeFiles/DisplayBD.dir/Core/Src/tim.c.obj
 .debug_abbrev  0x00001b78      0x203 CMakeFiles/DisplayBD.dir/Core/Src/usart.c.obj
 .debug_abbrev  0x00001d7b      0x1b0 CMakeFiles/DisplayBD.dir/Core/Src/stm32f1xx_it.c.obj
 .debug_abbrev  0x00001f2b       0xdb CMakeFiles/DisplayBD.dir/Core/Src/stm32f1xx_hal_msp.c.obj
 .debug_abbrev  0x00002006       0x24 CMakeFiles/DisplayBD.dir/startup_stm32f103xe.s.obj

.debug_aranges  0x00000000      0xc70
 .debug_aranges
                0x00000000       0x28 cmake/stm32cubemx/CMakeFiles/STM32_Drivers.dir/__/__/Core/Src/system_stm32f1xx.c.obj
 .debug_aranges
                0x00000028      0x3d0 cmake/stm32cubemx/CMakeFiles/STM32_Drivers.dir/__/__/Drivers/STM32F1xx_HAL_Driver/Src/stm32f1xx_hal_tim.c.obj
 .debug_aranges
                0x000003f8      0x168 cmake/stm32cubemx/CMakeFiles/STM32_Drivers.dir/__/__/Drivers/STM32F1xx_HAL_Driver/Src/stm32f1xx_hal_tim_ex.c.obj
 .debug_aranges
                0x00000560       0xe0 cmake/stm32cubemx/CMakeFiles/STM32_Drivers.dir/__/__/Drivers/STM32F1xx_HAL_Driver/Src/stm32f1xx_hal.c.obj
 .debug_aranges
                0x00000640       0x90 cmake/stm32cubemx/CMakeFiles/STM32_Drivers.dir/__/__/Drivers/STM32F1xx_HAL_Driver/Src/stm32f1xx_hal_rcc.c.obj
 .debug_aranges
                0x000006d0       0x58 cmake/stm32cubemx/CMakeFiles/STM32_Drivers.dir/__/__/Drivers/STM32F1xx_HAL_Driver/Src/stm32f1xx_hal_gpio.c.obj
 .debug_aranges
                0x00000728       0x80 cmake/stm32cubemx/CMakeFiles/STM32_Drivers.dir/__/__/Drivers/STM32F1xx_HAL_Driver/Src/stm32f1xx_hal_dma.c.obj
 .debug_aranges
                0x000007a8      0x100 cmake/stm32cubemx/CMakeFiles/STM32_Drivers.dir/__/__/Drivers/STM32F1xx_HAL_Driver/Src/stm32f1xx_hal_cortex.c.obj
 .debug_aranges
                0x000008a8      0x208 cmake/stm32cubemx/CMakeFiles/STM32_Drivers.dir/__/__/Drivers/STM32F1xx_HAL_Driver/Src/stm32f1xx_hal_uart.c.obj
 .debug_aranges
                0x00000ab0       0x48 CMakeFiles/DisplayBD.dir/Core/Src/GLCD.c.obj
 .debug_aranges
                0x00000af8       0x38 CMakeFiles/DisplayBD.dir/Core/Src/main.c.obj
 .debug_aranges
                0x00000b30       0x20 CMakeFiles/DisplayBD.dir/Core/Src/gpio.c.obj
 .debug_aranges
                0x00000b50       0x30 CMakeFiles/DisplayBD.dir/Core/Src/tim.c.obj
 .debug_aranges
                0x00000b80       0x30 CMakeFiles/DisplayBD.dir/Core/Src/usart.c.obj
 .debug_aranges
                0x00000bb0       0x78 CMakeFiles/DisplayBD.dir/Core/Src/stm32f1xx_it.c.obj
 .debug_aranges
                0x00000c28       0x20 CMakeFiles/DisplayBD.dir/Core/Src/stm32f1xx_hal_msp.c.obj
 .debug_aranges
                0x00000c48       0x28 CMakeFiles/DisplayBD.dir/startup_stm32f103xe.s.obj

.debug_rnglists
                0x00000000      0x9ae
 .debug_rnglists
                0x00000000       0x1a cmake/stm32cubemx/CMakeFiles/STM32_Drivers.dir/__/__/Core/Src/system_stm32f1xx.c.obj
 .debug_rnglists
                0x0000001a      0x31a cmake/stm32cubemx/CMakeFiles/STM32_Drivers.dir/__/__/Drivers/STM32F1xx_HAL_Driver/Src/stm32f1xx_hal_tim.c.obj
 .debug_rnglists
                0x00000334      0x125 cmake/stm32cubemx/CMakeFiles/STM32_Drivers.dir/__/__/Drivers/STM32F1xx_HAL_Driver/Src/stm32f1xx_hal_tim_ex.c.obj
 .debug_rnglists
                0x00000459       0xa3 cmake/stm32cubemx/CMakeFiles/STM32_Drivers.dir/__/__/Drivers/STM32F1xx_HAL_Driver/Src/stm32f1xx_hal.c.obj
 .debug_rnglists
                0x000004fc       0x6c cmake/stm32cubemx/CMakeFiles/STM32_Drivers.dir/__/__/Drivers/STM32F1xx_HAL_Driver/Src/stm32f1xx_hal_rcc.c.obj
 .debug_rnglists
                0x00000568       0x3f cmake/stm32cubemx/CMakeFiles/STM32_Drivers.dir/__/__/Drivers/STM32F1xx_HAL_Driver/Src/stm32f1xx_hal_gpio.c.obj
 .debug_rnglists
                0x000005a7       0x64 cmake/stm32cubemx/CMakeFiles/STM32_Drivers.dir/__/__/Drivers/STM32F1xx_HAL_Driver/Src/stm32f1xx_hal_dma.c.obj
 .debug_rnglists
                0x0000060b       0xbb cmake/stm32cubemx/CMakeFiles/STM32_Drivers.dir/__/__/Drivers/STM32F1xx_HAL_Driver/Src/stm32f1xx_hal_cortex.c.obj
 .debug_rnglists
                0x000006c6      0x1bc cmake/stm32cubemx/CMakeFiles/STM32_Drivers.dir/__/__/Drivers/STM32F1xx_HAL_Driver/Src/stm32f1xx_hal_uart.c.obj
 .debug_rnglists
                0x00000882       0x31 CMakeFiles/DisplayBD.dir/Core/Src/GLCD.c.obj
 .debug_rnglists
                0x000008b3       0x26 CMakeFiles/DisplayBD.dir/Core/Src/main.c.obj
 .debug_rnglists
                0x000008d9       0x14 CMakeFiles/DisplayBD.dir/Core/Src/gpio.c.obj
 .debug_rnglists
                0x000008ed       0x20 CMakeFiles/DisplayBD.dir/Core/Src/tim.c.obj
 .debug_rnglists
                0x0000090d       0x20 CMakeFiles/DisplayBD.dir/Core/Src/usart.c.obj
 .debug_rnglists
                0x0000092d       0x55 CMakeFiles/DisplayBD.dir/Core/Src/stm32f1xx_it.c.obj
 .debug_rnglists
                0x00000982       0x13 CMakeFiles/DisplayBD.dir/Core/Src/stm32f1xx_hal_msp.c.obj
 .debug_rnglists
                0x00000995       0x19 CMakeFiles/DisplayBD.dir/startup_stm32f103xe.s.obj

.debug_macro    0x00000000    0x19516
 .debug_macro   0x00000000      0x1a3 cmake/stm32cubemx/CMakeFiles/STM32_Drivers.dir/__/__/Core/Src/system_stm32f1xx.c.obj
 .debug_macro   0x000001a3      0xacc cmake/stm32cubemx/CMakeFiles/STM32_Drivers.dir/__/__/Core/Src/system_stm32f1xx.c.obj
 .debug_macro   0x00000c6f       0x2e cmake/stm32cubemx/CMakeFiles/STM32_Drivers.dir/__/__/Core/Src/system_stm32f1xx.c.obj
 .debug_macro   0x00000c9d       0x22 cmake/stm32cubemx/CMakeFiles/STM32_Drivers.dir/__/__/Core/Src/system_stm32f1xx.c.obj
 .debug_macro   0x00000cbf       0x22 cmake/stm32cubemx/CMakeFiles/STM32_Drivers.dir/__/__/Core/Src/system_stm32f1xx.c.obj
 .debug_macro   0x00000ce1       0x8e cmake/stm32cubemx/CMakeFiles/STM32_Drivers.dir/__/__/Core/Src/system_stm32f1xx.c.obj
 .debug_macro   0x00000d6f       0x51 cmake/stm32cubemx/CMakeFiles/STM32_Drivers.dir/__/__/Core/Src/system_stm32f1xx.c.obj
 .debug_macro   0x00000dc0      0x103 cmake/stm32cubemx/CMakeFiles/STM32_Drivers.dir/__/__/Core/Src/system_stm32f1xx.c.obj
 .debug_macro   0x00000ec3       0x6a cmake/stm32cubemx/CMakeFiles/STM32_Drivers.dir/__/__/Core/Src/system_stm32f1xx.c.obj
 .debug_macro   0x00000f2d      0x1df cmake/stm32cubemx/CMakeFiles/STM32_Drivers.dir/__/__/Core/Src/system_stm32f1xx.c.obj
 .debug_macro   0x0000110c       0x1c cmake/stm32cubemx/CMakeFiles/STM32_Drivers.dir/__/__/Core/Src/system_stm32f1xx.c.obj
 .debug_macro   0x00001128       0x22 cmake/stm32cubemx/CMakeFiles/STM32_Drivers.dir/__/__/Core/Src/system_stm32f1xx.c.obj
 .debug_macro   0x0000114a       0xbd cmake/stm32cubemx/CMakeFiles/STM32_Drivers.dir/__/__/Core/Src/system_stm32f1xx.c.obj
 .debug_macro   0x00001207      0xd23 cmake/stm32cubemx/CMakeFiles/STM32_Drivers.dir/__/__/Core/Src/system_stm32f1xx.c.obj
 .debug_macro   0x00001f2a     0xfd8c cmake/stm32cubemx/CMakeFiles/STM32_Drivers.dir/__/__/Core/Src/system_stm32f1xx.c.obj
 .debug_macro   0x00011cb6       0x6d cmake/stm32cubemx/CMakeFiles/STM32_Drivers.dir/__/__/Core/Src/system_stm32f1xx.c.obj
 .debug_macro   0x00011d23      0x21b cmake/stm32cubemx/CMakeFiles/STM32_Drivers.dir/__/__/Core/Src/system_stm32f1xx.c.obj
 .debug_macro   0x00011f3e     0x34a2 cmake/stm32cubemx/CMakeFiles/STM32_Drivers.dir/__/__/Core/Src/system_stm32f1xx.c.obj
 .debug_macro   0x000153e0      0x190 cmake/stm32cubemx/CMakeFiles/STM32_Drivers.dir/__/__/Core/Src/system_stm32f1xx.c.obj
 .debug_macro   0x00015570       0x5c cmake/stm32cubemx/CMakeFiles/STM32_Drivers.dir/__/__/Core/Src/system_stm32f1xx.c.obj
 .debug_macro   0x000155cc      0x5bc cmake/stm32cubemx/CMakeFiles/STM32_Drivers.dir/__/__/Core/Src/system_stm32f1xx.c.obj
 .debug_macro   0x00015b88      0x4d5 cmake/stm32cubemx/CMakeFiles/STM32_Drivers.dir/__/__/Core/Src/system_stm32f1xx.c.obj
 .debug_macro   0x0001605d      0x1cb cmake/stm32cubemx/CMakeFiles/STM32_Drivers.dir/__/__/Core/Src/system_stm32f1xx.c.obj
 .debug_macro   0x00016228      0x114 cmake/stm32cubemx/CMakeFiles/STM32_Drivers.dir/__/__/Core/Src/system_stm32f1xx.c.obj
 .debug_macro   0x0001633c      0x1ea cmake/stm32cubemx/CMakeFiles/STM32_Drivers.dir/__/__/Core/Src/system_stm32f1xx.c.obj
 .debug_macro   0x00016526       0x27 cmake/stm32cubemx/CMakeFiles/STM32_Drivers.dir/__/__/Core/Src/system_stm32f1xx.c.obj
 .debug_macro   0x0001654d      0x144 cmake/stm32cubemx/CMakeFiles/STM32_Drivers.dir/__/__/Core/Src/system_stm32f1xx.c.obj
 .debug_macro   0x00016691      0x1bc cmake/stm32cubemx/CMakeFiles/STM32_Drivers.dir/__/__/Core/Src/system_stm32f1xx.c.obj
 .debug_macro   0x0001684d       0x30 cmake/stm32cubemx/CMakeFiles/STM32_Drivers.dir/__/__/Core/Src/system_stm32f1xx.c.obj
 .debug_macro   0x0001687d       0x3c cmake/stm32cubemx/CMakeFiles/STM32_Drivers.dir/__/__/Core/Src/system_stm32f1xx.c.obj
 .debug_macro   0x000168b9       0x57 cmake/stm32cubemx/CMakeFiles/STM32_Drivers.dir/__/__/Core/Src/system_stm32f1xx.c.obj
 .debug_macro   0x00016910       0x87 cmake/stm32cubemx/CMakeFiles/STM32_Drivers.dir/__/__/Core/Src/system_stm32f1xx.c.obj
 .debug_macro   0x00016997      0x24f cmake/stm32cubemx/CMakeFiles/STM32_Drivers.dir/__/__/Core/Src/system_stm32f1xx.c.obj
 .debug_macro   0x00016be6      0x140 cmake/stm32cubemx/CMakeFiles/STM32_Drivers.dir/__/__/Core/Src/system_stm32f1xx.c.obj
 .debug_macro   0x00016d26      0x8ed cmake/stm32cubemx/CMakeFiles/STM32_Drivers.dir/__/__/Core/Src/system_stm32f1xx.c.obj
 .debug_macro   0x00017613      0x28e cmake/stm32cubemx/CMakeFiles/STM32_Drivers.dir/__/__/Core/Src/system_stm32f1xx.c.obj
 .debug_macro   0x000178a1       0xb5 cmake/stm32cubemx/CMakeFiles/STM32_Drivers.dir/__/__/Core/Src/system_stm32f1xx.c.obj
 .debug_macro   0x00017956      0x1a4 cmake/stm32cubemx/CMakeFiles/STM32_Drivers.dir/__/__/Drivers/STM32F1xx_HAL_Driver/Src/stm32f1xx_hal_tim.c.obj
 .debug_macro   0x00017afa      0x1a3 cmake/stm32cubemx/CMakeFiles/STM32_Drivers.dir/__/__/Drivers/STM32F1xx_HAL_Driver/Src/stm32f1xx_hal_tim_ex.c.obj
 .debug_macro   0x00017c9d      0x1c7 cmake/stm32cubemx/CMakeFiles/STM32_Drivers.dir/__/__/Drivers/STM32F1xx_HAL_Driver/Src/stm32f1xx_hal.c.obj
 .debug_macro   0x00017e64      0x1b5 cmake/stm32cubemx/CMakeFiles/STM32_Drivers.dir/__/__/Drivers/STM32F1xx_HAL_Driver/Src/stm32f1xx_hal_rcc.c.obj
 .debug_macro   0x00018019      0x20e cmake/stm32cubemx/CMakeFiles/STM32_Drivers.dir/__/__/Drivers/STM32F1xx_HAL_Driver/Src/stm32f1xx_hal_gpio.c.obj
 .debug_macro   0x00018227      0x1a3 cmake/stm32cubemx/CMakeFiles/STM32_Drivers.dir/__/__/Drivers/STM32F1xx_HAL_Driver/Src/stm32f1xx_hal_dma.c.obj
 .debug_macro   0x000183ca      0x1a3 cmake/stm32cubemx/CMakeFiles/STM32_Drivers.dir/__/__/Drivers/STM32F1xx_HAL_Driver/Src/stm32f1xx_hal_cortex.c.obj
 .debug_macro   0x0001856d      0x1a4 cmake/stm32cubemx/CMakeFiles/STM32_Drivers.dir/__/__/Drivers/STM32F1xx_HAL_Driver/Src/stm32f1xx_hal_uart.c.obj
 .debug_macro   0x00018711      0x1b2 CMakeFiles/DisplayBD.dir/Core/Src/GLCD.c.obj
 .debug_macro   0x000188c3       0x2e CMakeFiles/DisplayBD.dir/Core/Src/GLCD.c.obj
 .debug_macro   0x000188f1      0x1f5 CMakeFiles/DisplayBD.dir/Core/Src/main.c.obj
 .debug_macro   0x00018ae6      0x15a CMakeFiles/DisplayBD.dir/Core/Src/main.c.obj
 .debug_macro   0x00018c40       0x34 CMakeFiles/DisplayBD.dir/Core/Src/main.c.obj
 .debug_macro   0x00018c74      0x1bc CMakeFiles/DisplayBD.dir/Core/Src/gpio.c.obj
 .debug_macro   0x00018e30      0x1bc CMakeFiles/DisplayBD.dir/Core/Src/tim.c.obj
 .debug_macro   0x00018fec      0x1bc CMakeFiles/DisplayBD.dir/Core/Src/usart.c.obj
 .debug_macro   0x000191a8      0x1bc CMakeFiles/DisplayBD.dir/Core/Src/stm32f1xx_it.c.obj
 .debug_macro   0x00019364      0x1b2 CMakeFiles/DisplayBD.dir/Core/Src/stm32f1xx_hal_msp.c.obj

.debug_line     0x00000000     0xe038
 .debug_line    0x00000000      0x665 cmake/stm32cubemx/CMakeFiles/STM32_Drivers.dir/__/__/Core/Src/system_stm32f1xx.c.obj
 .debug_line    0x00000665     0x35b4 cmake/stm32cubemx/CMakeFiles/STM32_Drivers.dir/__/__/Drivers/STM32F1xx_HAL_Driver/Src/stm32f1xx_hal_tim.c.obj
 .debug_line    0x00003c19     0x17c0 cmake/stm32cubemx/CMakeFiles/STM32_Drivers.dir/__/__/Drivers/STM32F1xx_HAL_Driver/Src/stm32f1xx_hal_tim_ex.c.obj
 .debug_line    0x000053d9      0x896 cmake/stm32cubemx/CMakeFiles/STM32_Drivers.dir/__/__/Drivers/STM32F1xx_HAL_Driver/Src/stm32f1xx_hal.c.obj
 .debug_line    0x00005c6f      0xd4f cmake/stm32cubemx/CMakeFiles/STM32_Drivers.dir/__/__/Drivers/STM32F1xx_HAL_Driver/Src/stm32f1xx_hal_rcc.c.obj
 .debug_line    0x000069be      0x91b cmake/stm32cubemx/CMakeFiles/STM32_Drivers.dir/__/__/Drivers/STM32F1xx_HAL_Driver/Src/stm32f1xx_hal_gpio.c.obj
 .debug_line    0x000072d9     0x119a cmake/stm32cubemx/CMakeFiles/STM32_Drivers.dir/__/__/Drivers/STM32F1xx_HAL_Driver/Src/stm32f1xx_hal_dma.c.obj
 .debug_line    0x00008473      0xa60 cmake/stm32cubemx/CMakeFiles/STM32_Drivers.dir/__/__/Drivers/STM32F1xx_HAL_Driver/Src/stm32f1xx_hal_cortex.c.obj
 .debug_line    0x00008ed3     0x23b2 cmake/stm32cubemx/CMakeFiles/STM32_Drivers.dir/__/__/Drivers/STM32F1xx_HAL_Driver/Src/stm32f1xx_hal_uart.c.obj
 .debug_line    0x0000b285      0x6a2 CMakeFiles/DisplayBD.dir/Core/Src/GLCD.c.obj
 .debug_line    0x0000b927      0x6e5 CMakeFiles/DisplayBD.dir/Core/Src/main.c.obj
 .debug_line    0x0000c00c      0x634 CMakeFiles/DisplayBD.dir/Core/Src/gpio.c.obj
 .debug_line    0x0000c640      0x660 CMakeFiles/DisplayBD.dir/Core/Src/tim.c.obj
 .debug_line    0x0000cca0      0x65b CMakeFiles/DisplayBD.dir/Core/Src/usart.c.obj
 .debug_line    0x0000d2fb      0x6dd CMakeFiles/DisplayBD.dir/Core/Src/stm32f1xx_it.c.obj
 .debug_line    0x0000d9d8      0x5e7 CMakeFiles/DisplayBD.dir/Core/Src/stm32f1xx_hal_msp.c.obj
 .debug_line    0x0000dfbf       0x79 CMakeFiles/DisplayBD.dir/startup_stm32f103xe.s.obj

.debug_str      0x00000000    0x9530b
 .debug_str     0x00000000    0x9530b cmake/stm32cubemx/CMakeFiles/STM32_Drivers.dir/__/__/Core/Src/system_stm32f1xx.c.obj
                              0x91ab4 (size before relaxing)
 .debug_str     0x0009530b    0x92ee5 cmake/stm32cubemx/CMakeFiles/STM32_Drivers.dir/__/__/Drivers/STM32F1xx_HAL_Driver/Src/stm32f1xx_hal_tim.c.obj
 .debug_str     0x0009530b    0x926f1 cmake/stm32cubemx/CMakeFiles/STM32_Drivers.dir/__/__/Drivers/STM32F1xx_HAL_Driver/Src/stm32f1xx_hal_tim_ex.c.obj
 .debug_str     0x0009530b    0x922cb cmake/stm32cubemx/CMakeFiles/STM32_Drivers.dir/__/__/Drivers/STM32F1xx_HAL_Driver/Src/stm32f1xx_hal.c.obj
 .debug_str     0x0009530b    0x91ee3 cmake/stm32cubemx/CMakeFiles/STM32_Drivers.dir/__/__/Drivers/STM32F1xx_HAL_Driver/Src/stm32f1xx_hal_rcc.c.obj
 .debug_str     0x0009530b    0x91e3a cmake/stm32cubemx/CMakeFiles/STM32_Drivers.dir/__/__/Drivers/STM32F1xx_HAL_Driver/Src/stm32f1xx_hal_gpio.c.obj
 .debug_str     0x0009530b    0x91e5d cmake/stm32cubemx/CMakeFiles/STM32_Drivers.dir/__/__/Drivers/STM32F1xx_HAL_Driver/Src/stm32f1xx_hal_dma.c.obj
 .debug_str     0x0009530b    0x92217 cmake/stm32cubemx/CMakeFiles/STM32_Drivers.dir/__/__/Drivers/STM32F1xx_HAL_Driver/Src/stm32f1xx_hal_cortex.c.obj
 .debug_str     0x0009530b    0x92554 cmake/stm32cubemx/CMakeFiles/STM32_Drivers.dir/__/__/Drivers/STM32F1xx_HAL_Driver/Src/stm32f1xx_hal_uart.c.obj
 .debug_str     0x0009530b    0x91b89 CMakeFiles/DisplayBD.dir/Core/Src/GLCD.c.obj
 .debug_str     0x0009530b    0x92634 CMakeFiles/DisplayBD.dir/Core/Src/main.c.obj
 .debug_str     0x0009530b    0x923aa CMakeFiles/DisplayBD.dir/Core/Src/gpio.c.obj
 .debug_str     0x0009530b    0x9294c CMakeFiles/DisplayBD.dir/Core/Src/tim.c.obj
 .debug_str     0x0009530b    0x927de CMakeFiles/DisplayBD.dir/Core/Src/usart.c.obj
 .debug_str     0x0009530b    0x926c9 CMakeFiles/DisplayBD.dir/Core/Src/stm32f1xx_it.c.obj
 .debug_str     0x0009530b    0x91f47 CMakeFiles/DisplayBD.dir/Core/Src/stm32f1xx_hal_msp.c.obj
 .debug_str     0x0009530b       0x6e CMakeFiles/DisplayBD.dir/startup_stm32f103xe.s.obj

.debug_line_str
                0x00000000       0x52
 .debug_line_str
                0x00000000       0x52 CMakeFiles/DisplayBD.dir/startup_stm32f103xe.s.obj
